
shahz@DESKTOP-A0HULQM MINGW64 ~
$ cd

shahz@DESKTOP-A0HULQM MINGW64 ~
$ cd /e

shahz@DESKTOP-A0HULQM MINGW64 /e


shahz@DESKTOP-A0HULQM MINGW64 /e
$ ls
'$RECYCLE.BIN'/          books/              ICloudBackup/                      Mcaffe_SerialNo.png                     "SaadHaider's Photo"/  'System Volume Information'/
'AWS Training Videos'/   EclipseWorkSpace/  'Iphone - Back Up - May 22 2018'/   notepad/                                 Scrum/
 Bigdata-Hadoop/         Git/                Java/                             'OfficeLaptopData - Drive E- Personal'/   softwares/

shahz@DESKTOP-A0HULQM MINGW64 /e
$ cd Git/

shahz@DESKTOP-A0HULQM MINGW64 /e/Git
$ ls

shahz@DESKTOP-A0HULQM MINGW64 /e/Git
$ git config --global user.name "ShahjiZ"

shahz@DESKTOP-A0HULQM MINGW64 /e/Git
$ git config --global user.email sszia01@gmail.com

shahz@DESKTOP-A0HULQM MINGW64 /e/Git
$ git clone https://github.com/ShahjiZ/hello-world.git
Cloning into 'hello-world'...
remote: Counting objects: 14, done.
remote: Compressing objects: 100% (10/10), done.
remote: Total 14 (delta 2), reused 0 (delta 0), pack-reused 0
Unpacking objects: 100% (14/14), done.

shahz@DESKTOP-A0HULQM MINGW64 /e/Git
$ ls
hello-world/

shahz@DESKTOP-A0HULQM MINGW64 /e/Git
$ cd hello-world/

shahz@DESKTOP-A0HULQM MINGW64 /e/Git/hello-world (master)
$ ls
NewFIle  README.md

shahz@DESKTOP-A0HULQM MINGW64 /e/Git/hello-world (master)
$ ls
AddedfromDir.txt  NewFIle  README.md

shahz@DESKTOP-A0HULQM MINGW64 /e/Git/hello-world (master)
$ git add AddedfromDir.txt

shahz@DESKTOP-A0HULQM MINGW64 /e/Git/hello-world (master)
$ git status
On branch master
Your branch is up to date with 'origin/master'.

Changes to be committed:
  (use "git reset HEAD <file>..." to unstage)

        new file:   AddedfromDir.txt


shahz@DESKTOP-A0HULQM MINGW64 /e/Git/hello-world (master)
$ git commit -m "commited by git commands ,file was created on DIR" AddedfromDir.txt
[master 2c6052a] commited by git commands ,file was created on DIR
 1 file changed, 3 insertions(+)
 create mode 100644 AddedfromDir.txt

shahz@DESKTOP-A0HULQM MINGW64 /e/Git/hello-world (master)
$ git push -u origin master
Enumerating objects: 4, done.
Counting objects: 100% (4/4), done.
Delta compression using up to 4 threads.
Compressing objects: 100% (3/3), done.
Writing objects: 100% (3/3), 425 bytes | 425.00 KiB/s, done.
Total 3 (delta 0), reused 0 (delta 0)
To https://github.com/ShahjiZ/hello-world.git
   3204082..2c6052a  master -> master
Branch 'master' set up to track remote branch 'master' from 'origin'.

shahz@DESKTOP-A0HULQM MINGW64 /e/Git/hello-world (master)
$
